// Jest Snapshot v1, https://goo.gl/fbAQLP

exports[`map explorer renders svg elements for each segment: map-without-refs 1`] = `"<div><svg width=\\"800px\\" height=\\"600px\\"><g transform=\\"translate(50,250)\\"><g class=\\"nodes\\"><rect class=\\"node\\" x=\\"0\\" y=\\"0\\" width=\\"100\\" height=\\"100\\" style=\\"fill: steelblue;\\"></rect><rect class=\\"node\\" x=\\"150\\" y=\\"0\\" width=\\"100\\" height=\\"100\\" style=\\"fill: steelblue;\\"></rect><text x=\\"10\\" y=\\"50\\">1e1c49...</text><text x=\\"160\\" y=\\"50\\">8544bc...</text></g><g class=\\"links\\"><line class=\\"link\\" x1=\\"100\\" y1=\\"50\\" x2=\\"150\\" y2=\\"50\\" style=\\"stroke: #ccc; stroke-width: 1px;\\"></line></g></g></svg></div>"`;
